02-18 10:19:04 com_github_MitjaNemec_PlaceFootprints.action_place_footprints 674:Plugin executed on: 'win32'
02-18 10:19:04 com_github_MitjaNemec_PlaceFootprints.action_place_footprints 675:Plugin executed with python version: '3.11.5 (main, Nov  6 2025, 07:48:09) [MSC v.1944 64 bit (AMD64)]'
02-18 10:19:04 com_github_MitjaNemec_PlaceFootprints.action_place_footprints 676:KiCad build version: 9.0.7
02-18 10:19:04 com_github_MitjaNemec_PlaceFootprints.action_place_footprints 677:Plugin version: 4.0.1
02-18 10:19:04 com_github_MitjaNemec_PlaceFootprints.action_place_footprints 678:Frame repr: <wx._core.Frame object at 0x00000173B835F5B0>
02-18 10:19:04 com_github_MitjaNemec_PlaceFootprints.place_footprints 121:getting a list of all footprints on board
02-18 10:19:04 com_github_MitjaNemec_PlaceFootprints.place_footprints 156:Footprint U1 on root level
02-18 10:19:04 com_github_MitjaNemec_PlaceFootprints.place_footprints 156:Footprint U2 on root level
02-18 10:19:04 com_github_MitjaNemec_PlaceFootprints.action_place_footprints 717:Reference footprint='C1'
02-18 10:19:09 com_github_MitjaNemec_PlaceFootprints.action_place_footprints 858:Reference designator is: C
02-18 10:19:09 com_github_MitjaNemec_PlaceFootprints.action_place_footprints 859:Reference number is: 1
02-18 10:19:09 com_github_MitjaNemec_PlaceFootprints.action_place_footprints 891:Sorted and filtered list:
['C1', 'C2', 'C3', 'C4', 'C5', 'C6', 'C7', 'C8', 'C9', 'C10', 'C11', 'C12', 'C13', 'C14', 'C15', 'C16', 'C17', 'C18', 'C19', 'C20', 'C21', 'C22', 'C23', 'C24', 'C25', 'C26', 'C27', 'C28', 'C29', 'C30', 'C31', 'C32', 'C33', 'C34', 'C35', 'C36', 'C37', 'C38', 'C39', 'C40', 'C41', 'C42', 'C43', 'C44', 'C45', 'C46', 'C47', 'C48', 'C49', 'C50', 'C51', 'C52', 'C53', 'C54', 'C55', 'C56', 'C57', 'C58', 'C59', 'C60', 'C61', 'C62', 'C63', 'C64', 'C65', 'C66', 'C67', 'C68', 'C69', 'C70', 'C71', 'C72', 'C73', 'C74', 'C75', 'C76', 'C77', 'C78', 'C79', 'C80', 'C81', 'C82', 'C83', 'C84', 'C85', 'C86', 'C87', 'C88', 'C89', 'C90', 'C91', 'C92', 'C93', 'C94', 'C95', 'C96', 'C97', 'C98', 'C99', 'C100', 'C101', 'C102']
02-18 10:19:09 com_github_MitjaNemec_PlaceFootprints.action_place_footprints 376:wx.Colour(240, 240, 240, 255)
02-18 10:19:13 com_github_MitjaNemec_PlaceFootprints.action_place_footprints 507:'4.6'
02-18 10:19:13 com_github_MitjaNemec_PlaceFootprints.action_place_footprints 566:Preparing config for reference matrix
02-18 10:19:13 com_github_MitjaNemec_PlaceFootprints.action_place_footprints 573:Saving config file
02-18 10:19:13 com_github_MitjaNemec_PlaceFootprints.action_place_footprints 575:Saved the config file
02-18 10:19:13 com_github_MitjaNemec_PlaceFootprints.action_place_footprints 929:Footprints to place:
['C1', 'C2', 'C3', 'C4', 'C5', 'C6', 'C7', 'C8', 'C9', 'C10', 'C11', 'C12', 'C13', 'C14', 'C15', 'C16', 'C17', 'C18', 'C19', 'C20', 'C21', 'C22', 'C23', 'C24', 'C25', 'C26', 'C27', 'C28', 'C29', 'C30', 'C31', 'C32', 'C33', 'C34', 'C35', 'C36', 'C37', 'C38', 'C39', 'C40', 'C41', 'C42', 'C43', 'C44', 'C45', 'C46', 'C47', 'C48', 'C49', 'C50', 'C51', 'C52', 'C53', 'C54', 'C55', 'C56', 'C57', 'C58', 'C59', 'C60', 'C61', 'C62', 'C63', 'C64', 'C65', 'C66', 'C67', 'C68', 'C69', 'C70', 'C71', 'C72', 'C73', 'C74', 'C75', 'C76', 'C77', 'C78', 'C79', 'C80', 'C81', 'C82', 'C83', 'C84', 'C85', 'C86', 'C87', 'C88', 'C89', 'C90', 'C91', 'C92', 'C93', 'C94', 'C95', 'C96', 'C97', 'C98', 'C99', 'C100', 'C101', 'C102']
02-18 10:19:13 com_github_MitjaNemec_PlaceFootprints.place_footprints 427:Starting placing with matrix layout
02-18 10:19:13 com_github_MitjaNemec_PlaceFootprints.action_place_footprints 999:Placing complete
